[2026-07-31T08:51:16.033Z] IP=::1 USER=anonymous ACTION=OPTIONS URL=/api/auth/login STATUS=204 TIME=7ms
[2026-07-31T08:51:16.262Z] IP=::1 USER=anonymous ACTION=POST URL=/api/auth/login STATUS=200 TIME=228ms
[2026-07-31T08:51:16.266Z] IP=::1 USER=anonymous ACTION=OPTIONS URL=/api/auth/progress STATUS=204 TIME=1ms
[2026-07-31T08:51:16.294Z] IP=::1 USER=anonymous ACTION=OPTIONS URL=/api/daily-challenge STATUS=204 TIME=0ms
[2026-07-31T08:51:16.295Z] IP=::1 USER=anonymous ACTION=OPTIONS URL=/api/daily-challenge STATUS=204 TIME=1ms
[2026-07-31T08:51:16.320Z] IP=::1 USER=6a6b5b53b4fb9d23f1730840 ACTION=PUT URL=/api/auth/progress STATUS=500 TIME=53ms
[2026-07-31T08:51:16.327Z] IP=::1 USER=anonymous ACTION=GET URL=/api/daily-challenge STATUS=200 TIME=27ms
[2026-07-31T08:51:16.348Z] IP=::1 USER=anonymous ACTION=GET URL=/api/daily-challenge STATUS=304 TIME=19ms
[2026-07-31T08:51:16.362Z] IP=::1 USER=anonymous ACTION=GET URL=/api/leaderboard STATUS=304 TIME=66ms
[2026-07-31T08:51:16.421Z] IP=::1 USER=anonymous ACTION=GET URL=/api/leaderboard STATUS=304 TIME=57ms
[2026-07-31T08:51:19.339Z] IP=::1 USER=anonymous ACTION=GET URL=/api/leaderboard STATUS=304 TIME=49ms
[2026-07-31T08:51:20.083Z] IP=::1 USER=anonymous ACTION=OPTIONS URL=/api/auth/claim-daily-reward STATUS=204 TIME=1ms
[2026-07-31T08:51:20.120Z] IP=::1 USER=6a6b5b53b4fb9d23f1730840 ACTION=POST URL=/api/auth/claim-daily-reward STATUS=500 TIME=36ms
[2026-07-31T08:51:20.161Z] IP=::1 USER=6a6b5b53b4fb9d23f1730840 ACTION=PUT URL=/api/auth/progress STATUS=500 TIME=36ms
[2026-07-31T08:51:22.343Z] IP=::1 USER=anonymous ACTION=GET URL=/api/leaderboard STATUS=304 TIME=49ms
[2026-07-31T08:51:25.340Z] IP=::1 USER=anonymous ACTION=GET URL=/api/leaderboard STATUS=304 TIME=48ms
[2026-07-31T08:51:28.341Z] IP=::1 USER=anonymous ACTION=GET URL=/api/leaderboard STATUS=304 TIME=47ms
[2026-07-31T08:51:31.343Z] IP=::1 USER=anonymous ACTION=GET URL=/api/leaderboard STATUS=304 TIME=50ms
[2026-07-31T08:51:32.001Z] IP=::1 USER=anonymous ACTION=GET URL=/api/leaderboard STATUS=304 TIME=46ms
[2026-07-31T08:51:32.049Z] IP=::1 USER=anonymous ACTION=GET URL=/api/leaderboard STATUS=304 TIME=46ms
[2026-07-31T08:51:35.003Z] IP=::1 USER=anonymous ACTION=GET URL=/api/leaderboard STATUS=304 TIME=45ms
[2026-07-31T08:51:38.012Z] IP=::1 USER=anonymous ACTION=GET URL=/api/leaderboard STATUS=304 TIME=49ms
[2026-07-31T08:51:39.808Z] IP=::1 USER=anonymous ACTION=OPTIONS URL=/api/daily-challenge STATUS=204 TIME=1ms
[2026-07-31T08:51:39.831Z] IP=::1 USER=anonymous ACTION=GET URL=/api/daily-challenge STATUS=304 TIME=19ms
[2026-07-31T08:51:39.851Z] IP=::1 USER=anonymous ACTION=GET URL=/api/daily-challenge STATUS=304 TIME=17ms
[2026-07-31T08:51:39.860Z] IP=::1 USER=anonymous ACTION=GET URL=/api/leaderboard STATUS=304 TIME=51ms
[2026-07-31T08:51:39.913Z] IP=::1 USER=anonymous ACTION=GET URL=/api/leaderboard STATUS=304 TIME=51ms
[2026-07-31T08:51:42.855Z] IP=::1 USER=anonymous ACTION=GET URL=/api/leaderboard STATUS=304 TIME=44ms
[2026-07-31T08:51:45.857Z] IP=::1 USER=anonymous ACTION=GET URL=/api/leaderboard STATUS=304 TIME=48ms
[2026-07-31T08:51:47.721Z] IP=::1 USER=anonymous ACTION=GET URL=/api/questions?category=sql-heist&excludeIds=6a60ca757fbe25d87937d137,6a60ca757fbe25d87937d139,6a60ca757fbe25d87937d138 STATUS=200 TIME=22ms
[2026-07-31T08:51:47.741Z] IP=::1 USER=anonymous ACTION=GET URL=/api/questions?category=sql-heist&excludeIds=6a60ca757fbe25d87937d137,6a60ca757fbe25d87937d139,6a60ca757fbe25d87937d138 STATUS=200 TIME=17ms
[2026-07-31T08:51:49.328Z] IP=::1 USER=anonymous ACTION=OPTIONS URL=/api/daily-challenge STATUS=204 TIME=0ms
[2026-07-31T08:51:49.348Z] IP=::1 USER=anonymous ACTION=GET URL=/api/daily-challenge STATUS=304 TIME=18ms
[2026-07-31T08:51:49.366Z] IP=::1 USER=anonymous ACTION=GET URL=/api/daily-challenge STATUS=304 TIME=17ms
[2026-07-31T08:51:49.382Z] IP=::1 USER=anonymous ACTION=GET URL=/api/leaderboard STATUS=304 TIME=53ms
[2026-07-31T08:51:49.441Z] IP=::1 USER=anonymous ACTION=GET URL=/api/leaderboard STATUS=304 TIME=57ms
[2026-07-31T08:54:25.540Z] IP=::1 USER=anonymous ACTION=OPTIONS URL=/api/daily-challenge STATUS=204 TIME=1ms
[2026-07-31T08:54:25.540Z] IP=::1 USER=anonymous ACTION=OPTIONS URL=/api/daily-challenge STATUS=204 TIME=0ms
[2026-07-31T08:54:25.559Z] IP=::1 USER=anonymous ACTION=GET URL=/api/daily-challenge STATUS=304 TIME=17ms
[2026-07-31T08:54:25.576Z] IP=::1 USER=anonymous ACTION=GET URL=/api/daily-challenge STATUS=304 TIME=16ms
[2026-07-31T08:54:25.589Z] IP=::1 USER=anonymous ACTION=GET URL=/api/leaderboard STATUS=304 TIME=48ms
[2026-07-31T08:54:25.646Z] IP=::1 USER=anonymous ACTION=GET URL=/api/leaderboard STATUS=304 TIME=55ms
[2026-07-31T08:54:28.582Z] IP=::1 USER=anonymous ACTION=GET URL=/api/leaderboard STATUS=304 TIME=45ms
[2026-07-31T08:54:31.583Z] IP=::1 USER=anonymous ACTION=GET URL=/api/leaderboard STATUS=304 TIME=46ms
[2026-07-31T08:54:34.584Z] IP=::1 USER=anonymous ACTION=GET URL=/api/leaderboard STATUS=304 TIME=45ms
[2026-07-31T08:54:34.959Z] IP=::1 USER=anonymous ACTION=GET URL=/api/leaderboard STATUS=304 TIME=273ms
[2026-07-31T08:54:35.007Z] IP=::1 USER=anonymous ACTION=GET URL=/api/leaderboard STATUS=304 TIME=47ms
[2026-07-31T08:54:36.369Z] IP=::1 USER=anonymous ACTION=OPTIONS URL=/api/auth/progress STATUS=204 TIME=1ms
[2026-07-31T08:54:36.404Z] IP=::1 USER=6a6b5b53b4fb9d23f1730840 ACTION=PUT URL=/api/auth/progress STATUS=500 TIME=33ms
[2026-07-31T08:54:37.735Z] IP=::1 USER=anonymous ACTION=GET URL=/api/leaderboard STATUS=304 TIME=47ms
[2026-07-31T08:54:40.732Z] IP=::1 USER=anonymous ACTION=GET URL=/api/leaderboard STATUS=304 TIME=44ms
[2026-07-31T08:54:45.784Z] IP=::1 USER=anonymous ACTION=OPTIONS URL=/api/daily-challenge STATUS=204 TIME=0ms
[2026-07-31T08:54:45.804Z] IP=::1 USER=anonymous ACTION=GET URL=/api/daily-challenge STATUS=304 TIME=17ms
[2026-07-31T08:54:45.822Z] IP=::1 USER=anonymous ACTION=GET URL=/api/daily-challenge STATUS=304 TIME=17ms
[2026-07-31T08:54:45.834Z] IP=::1 USER=anonymous ACTION=GET URL=/api/leaderboard STATUS=304 TIME=48ms
[2026-07-31T08:54:45.884Z] IP=::1 USER=anonymous ACTION=GET URL=/api/leaderboard STATUS=304 TIME=47ms
[2026-07-31T08:54:54.024Z] IP=::1 USER=anonymous ACTION=OPTIONS URL=/api/auth/progress STATUS=204 TIME=0ms
[2026-07-31T08:54:54.057Z] IP=::1 USER=6a6b5b53b4fb9d23f1730840 ACTION=PUT URL=/api/auth/progress STATUS=500 TIME=31ms
[2026-07-31T08:55:19.025Z] IP=::1 USER=anonymous ACTION=OPTIONS URL=/api/auth/progress STATUS=204 TIME=0ms
[2026-07-31T08:55:19.059Z] IP=::1 USER=6a6b5b53b4fb9d23f1730840 ACTION=PUT URL=/api/auth/progress STATUS=500 TIME=32ms
[2026-07-31T08:55:22.782Z] IP=::1 USER=6a6b5b53b4fb9d23f1730840 ACTION=PUT URL=/api/auth/progress STATUS=500 TIME=31ms
[2026-07-31T08:55:58.571Z] IP=::1 USER=anonymous ACTION=OPTIONS URL=/api/daily-challenge STATUS=204 TIME=0ms
[2026-07-31T08:55:58.590Z] IP=::1 USER=anonymous ACTION=GET URL=/api/daily-challenge STATUS=304 TIME=16ms
[2026-07-31T08:55:58.679Z] IP=::1 USER=anonymous ACTION=GET URL=/api/daily-challenge STATUS=304 TIME=88ms
[2026-07-31T08:55:58.694Z] IP=::1 USER=anonymous ACTION=GET URL=/api/leaderboard STATUS=304 TIME=122ms
[2026-07-31T08:55:58.743Z] IP=::1 USER=anonymous ACTION=GET URL=/api/leaderboard STATUS=304 TIME=47ms
[2026-07-31T08:56:01.620Z] IP=::1 USER=anonymous ACTION=GET URL=/api/leaderboard STATUS=304 TIME=49ms
[2026-07-31T08:56:04.615Z] IP=::1 USER=anonymous ACTION=GET URL=/api/leaderboard STATUS=304 TIME=44ms
[2026-08-03T15:31:56.623Z] IP=::1 USER=anonymous ACTION=OPTIONS URL=/api/auth/me STATUS=204 TIME=8ms
[2026-08-03T15:31:56.651Z] IP=::1 USER=anonymous ACTION=OPTIONS URL=/api/auth/me STATUS=204 TIME=1ms
[2026-08-03T15:31:56.721Z] IP=::1 USER=6a6b5b53b4fb9d23f1730840 ACTION=GET URL=/api/auth/me STATUS=200 TIME=96ms
[2026-08-03T15:31:56.727Z] IP=::1 USER=anonymous ACTION=OPTIONS URL=/api/auth/progress STATUS=204 TIME=1ms
[2026-08-03T15:31:56.817Z] IP=::1 USER=6a6b5b53b4fb9d23f1730840 ACTION=GET URL=/api/auth/me STATUS=304 TIME=94ms
[2026-08-03T15:31:56.908Z] IP=::1 USER=6a6b5b53b4fb9d23f1730840 ACTION=PUT URL=/api/auth/progress STATUS=200 TIME=180ms
[2026-08-03T15:31:56.938Z] IP=::1 USER=6a6b5b53b4fb9d23f1730840 ACTION=PUT URL=/api/auth/progress STATUS=500 TIME=118ms
[2026-08-03T15:49:16.161Z] IP=::1 USER=anonymous ACTION=OPTIONS URL=/api/auth/forgot-password STATUS=204 TIME=8ms
[2026-08-03T15:49:16.276Z] IP=::1 USER=anonymous ACTION=POST URL=/api/auth/forgot-password STATUS=404 TIME=114ms
[2026-08-03T15:49:19.022Z] IP=::1 USER=anonymous ACTION=POST URL=/api/auth/forgot-password STATUS=404 TIME=59ms
[2026-08-03T15:49:29.772Z] IP=::1 USER=anonymous ACTION=OPTIONS URL=/api/auth/forgot-password STATUS=204 TIME=0ms
[2026-08-03T15:49:29.835Z] IP=::1 USER=anonymous ACTION=POST URL=/api/auth/forgot-password STATUS=400 TIME=61ms
[2026-08-03T15:50:20.254Z] IP=::1 USER=anonymous ACTION=OPTIONS URL=/api/auth/register STATUS=204 TIME=0ms
[2026-08-03T15:50:20.257Z] IP=::1 USER=anonymous ACTION=POST URL=/api/auth/register STATUS=400 TIME=2ms
[2026-08-03T15:50:24.926Z] IP=::1 USER=anonymous ACTION=POST URL=/api/auth/register STATUS=400 TIME=2ms
[2026-08-03T15:50:41.030Z] IP=::1 USER=anonymous ACTION=OPTIONS URL=/api/auth/register STATUS=204 TIME=0ms
[2026-08-03T15:50:41.033Z] IP=::1 USER=anonymous ACTION=POST URL=/api/auth/register STATUS=400 TIME=2ms
[2026-08-03T15:50:57.256Z] IP=::1 USER=anonymous ACTION=OPTIONS URL=/api/auth/register STATUS=204 TIME=0ms
[2026-08-03T15:50:57.528Z] IP=::1 USER=anonymous ACTION=POST URL=/api/auth/register STATUS=201 TIME=271ms
[2026-08-03T15:50:57.532Z] IP=::1 USER=anonymous ACTION=OPTIONS URL=/api/auth/progress STATUS=204 TIME=1ms
[2026-08-03T15:50:57.555Z] IP=::1 USER=anonymous ACTION=OPTIONS URL=/api/daily-challenge STATUS=204 TIME=0ms
[2026-08-03T15:50:57.606Z] IP=::1 USER=anonymous ACTION=GET URL=/api/daily-challenge STATUS=200 TIME=47ms
[2026-08-03T15:50:57.658Z] IP=::1 USER=anonymous ACTION=GET URL=/api/daily-challenge STATUS=304 TIME=51ms
[2026-08-03T15:50:57.690Z] IP=::1 USER=6a70b8e15df0f3ea967ff214 ACTION=PUT URL=/api/auth/progress STATUS=200 TIME=157ms
[2026-08-03T15:50:57.720Z] IP=::1 USER=anonymous ACTION=GET URL=/api/leaderboard STATUS=200 TIME=164ms
[2026-08-03T15:50:57.853Z] IP=::1 USER=anonymous ACTION=GET URL=/api/leaderboard STATUS=304 TIME=131ms
[2026-08-03T15:51:00.193Z] IP=::1 USER=anonymous ACTION=OPTIONS URL=/api/auth/claim-daily-reward STATUS=204 TIME=0ms
[2026-08-03T15:51:00.350Z] IP=::1 USER=6a70b8e15df0f3ea967ff214 ACTION=POST URL=/api/auth/claim-daily-reward STATUS=200 TIME=155ms
[2026-08-03T15:51:00.506Z] IP=::1 USER=6a70b8e15df0f3ea967ff214 ACTION=PUT URL=/api/auth/progress STATUS=200 TIME=153ms
[2026-08-03T15:51:00.748Z] IP=::1 USER=anonymous ACTION=GET URL=/api/leaderboard STATUS=200 TIME=152ms
[2026-08-03T15:51:03.777Z] IP=::1 USER=anonymous ACTION=GET URL=/api/leaderboard STATUS=304 TIME=165ms
[2026-08-03T15:51:06.766Z] IP=::1 USER=anonymous ACTION=GET URL=/api/leaderboard STATUS=304 TIME=164ms
[2026-08-03T15:51:09.745Z] IP=::1 USER=anonymous ACTION=GET URL=/api/leaderboard STATUS=304 TIME=145ms
[2026-08-03T15:51:12.748Z] IP=::1 USER=anonymous ACTION=GET URL=/api/leaderboard STATUS=304 TIME=149ms
[2026-08-03T15:51:15.766Z] IP=::1 USER=anonymous ACTION=GET URL=/api/leaderboard STATUS=304 TIME=165ms
[2026-08-03T15:51:18.755Z] IP=::1 USER=anonymous ACTION=GET URL=/api/leaderboard STATUS=304 TIME=155ms
[2026-08-03T15:51:21.745Z] IP=::1 USER=anonymous ACTION=GET URL=/api/leaderboard STATUS=304 TIME=139ms
[2026-08-03T15:51:24.756Z] IP=::1 USER=anonymous ACTION=GET URL=/api/leaderboard STATUS=304 TIME=160ms
[2026-08-03T15:51:27.754Z] IP=::1 USER=anonymous ACTION=GET URL=/api/leaderboard STATUS=304 TIME=146ms
[2026-08-03T15:51:30.756Z] IP=::1 USER=anonymous ACTION=GET URL=/api/leaderboard STATUS=304 TIME=150ms
[2026-08-03T15:51:33.757Z] IP=::1 USER=anonymous ACTION=GET URL=/api/leaderboard STATUS=304 TIME=161ms
[2026-08-03T15:51:50.168Z] IP=::1 USER=anonymous ACTION=OPTIONS URL=/api/auth/progress STATUS=204 TIME=1ms
[2026-08-03T15:51:50.170Z] IP=::1 USER=anonymous ACTION=OPTIONS URL=/api/auth/progress STATUS=204 TIME=1ms
[2026-08-03T15:51:50.317Z] IP=::1 USER=6a70b8e15df0f3ea967ff214 ACTION=PUT URL=/api/auth/progress STATUS=200 TIME=147ms
[2026-08-03T15:51:50.321Z] IP=::1 USER=6a70b8e15df0f3ea967ff214 ACTION=PUT URL=/api/auth/progress STATUS=200 TIME=148ms
[2026-08-03T15:51:54.156Z] IP=::1 USER=anonymous ACTION=OPTIONS URL=/api/daily-challenge STATUS=204 TIME=0ms
[2026-08-03T15:51:54.159Z] IP=::1 USER=anonymous ACTION=OPTIONS URL=/api/daily-challenge STATUS=204 TIME=1ms
[2026-08-03T15:51:54.219Z] IP=::1 USER=anonymous ACTION=GET URL=/api/daily-challenge STATUS=200 TIME=60ms
[2026-08-03T15:51:54.268Z] IP=::1 USER=anonymous ACTION=GET URL=/api/daily-challenge STATUS=304 TIME=47ms
[2026-08-03T15:51:54.307Z] IP=::1 USER=anonymous ACTION=GET URL=/api/leaderboard STATUS=200 TIME=151ms
[2026-08-03T15:51:54.451Z] IP=::1 USER=anonymous ACTION=GET URL=/api/leaderboard STATUS=304 TIME=142ms
[2026-08-03T15:51:56.777Z] IP=::1 USER=anonymous ACTION=GET URL=/api/questions?category=code-inspector&excludeIds= STATUS=200 TIME=41ms
[2026-08-03T15:51:56.825Z] IP=::1 USER=anonymous ACTION=GET URL=/api/questions?category=code-inspector&excludeIds= STATUS=200 TIME=46ms
[2026-08-03T15:51:57.759Z] IP=::1 USER=anonymous ACTION=GET URL=/api/questions?category=code-inspector&excludeIds= STATUS=200 TIME=66ms
[2026-08-03T15:52:02.095Z] IP=::1 USER=anonymous ACTION=OPTIONS URL=/api/auth/progress STATUS=204 TIME=0ms
[2026-08-03T15:52:02.260Z] IP=::1 USER=6a70b8e15df0f3ea967ff214 ACTION=PUT URL=/api/auth/progress STATUS=200 TIME=164ms
[2026-08-03T15:52:09.888Z] IP=::1 USER=anonymous ACTION=OPTIONS URL=/api/auth/progress STATUS=204 TIME=1ms
[2026-08-03T15:52:10.049Z] IP=::1 USER=6a70b8e15df0f3ea967ff214 ACTION=PUT URL=/api/auth/progress STATUS=200 TIME=160ms
[2026-08-03T15:52:13.860Z] IP=::1 USER=anonymous ACTION=GET URL=/api/questions?category=code-inspector&excludeIds= STATUS=200 TIME=50ms
[2026-08-03T15:52:16.185Z] IP=::1 USER=anonymous ACTION=GET URL=/api/questions?category=code-inspector&excludeIds= STATUS=200 TIME=54ms
[2026-08-03T15:52:17.632Z] IP=::1 USER=anonymous ACTION=OPTIONS URL=/api/auth/progress STATUS=204 TIME=0ms
[2026-08-03T15:52:17.770Z] IP=::1 USER=6a70b8e15df0f3ea967ff214 ACTION=PUT URL=/api/auth/progress STATUS=200 TIME=137ms
[2026-08-03T15:52:39.073Z] IP=::1 USER=anonymous ACTION=GET URL=/api/clans/standings STATUS=200 TIME=411ms
[2026-08-03T15:52:39.117Z] IP=::1 USER=anonymous ACTION=GET URL=/api/clans/standings STATUS=304 TIME=43ms
[2026-08-03T15:52:39.172Z] IP=::1 USER=anonymous ACTION=GET URL=/api/leaderboard STATUS=304 TIME=508ms
[2026-08-03T15:52:39.327Z] IP=::1 USER=anonymous ACTION=GET URL=/api/leaderboard STATUS=304 TIME=154ms
[2026-08-03T15:52:41.740Z] IP=::1 USER=anonymous ACTION=GET URL=/api/clans/standings STATUS=304 TIME=61ms
[2026-08-03T15:52:41.788Z] IP=::1 USER=anonymous ACTION=GET URL=/api/clans/algo_overlords/members STATUS=200 TIME=43ms
[2026-08-03T15:52:41.819Z] IP=::1 USER=anonymous ACTION=GET URL=/api/leaderboard STATUS=304 TIME=139ms
[2026-08-03T15:52:42.992Z] IP=::1 USER=anonymous ACTION=GET URL=/api/clans/bytecode_buccaneers/members STATUS=200 TIME=48ms
[2026-08-03T15:52:43.889Z] IP=::1 USER=anonymous ACTION=OPTIONS URL=/api/auth/progress STATUS=204 TIME=1ms
[2026-08-03T15:52:43.952Z] IP=::1 USER=anonymous ACTION=GET URL=/api/clans/standings STATUS=304 TIME=46ms
[2026-08-03T15:52:43.997Z] IP=::1 USER=anonymous ACTION=GET URL=/api/clans/algo_overlords/members STATUS=304 TIME=42ms
[2026-08-03T15:52:44.030Z] IP=::1 USER=6a70b8e15df0f3ea967ff214 ACTION=PUT URL=/api/auth/progress STATUS=200 TIME=139ms
[2026-08-03T15:52:44.816Z] IP=::1 USER=anonymous ACTION=GET URL=/api/leaderboard STATUS=304 TIME=139ms
[2026-08-03T15:52:46.955Z] IP=::1 USER=anonymous ACTION=GET URL=/api/clans/standings STATUS=200 TIME=49ms
[2026-08-03T15:52:47.006Z] IP=::1 USER=anonymous ACTION=GET URL=/api/clans/algo_overlords/members STATUS=200 TIME=47ms
[2026-08-03T15:52:47.391Z] IP=::1 USER=anonymous ACTION=OPTIONS URL=/api/daily-challenge STATUS=204 TIME=1ms
[2026-08-03T15:52:47.394Z] IP=::1 USER=anonymous ACTION=OPTIONS URL=/api/daily-challenge STATUS=204 TIME=0ms
[2026-08-03T15:52:47.436Z] IP=::1 USER=anonymous ACTION=GET URL=/api/daily-challenge STATUS=304 TIME=42ms
[2026-08-03T15:52:47.476Z] IP=::1 USER=anonymous ACTION=GET URL=/api/daily-challenge STATUS=304 TIME=38ms
[2026-08-03T15:52:47.537Z] IP=::1 USER=anonymous ACTION=GET URL=/api/leaderboard STATUS=304 TIME=146ms
[2026-08-03T15:52:47.666Z] IP=::1 USER=anonymous ACTION=GET URL=/api/leaderboard STATUS=304 TIME=127ms
[2026-08-03T15:52:50.555Z] IP=::1 USER=anonymous ACTION=GET URL=/api/leaderboard STATUS=304 TIME=157ms
[2026-08-03T15:53:21.498Z] IP=::1 USER=anonymous ACTION=OPTIONS URL=/api/daily-challenge STATUS=204 TIME=0ms
[2026-08-03T15:53:21.499Z] IP=::1 USER=anonymous ACTION=OPTIONS URL=/api/daily-challenge STATUS=204 TIME=0ms
[2026-08-03T15:53:21.558Z] IP=::1 USER=anonymous ACTION=GET URL=/api/daily-challenge STATUS=304 TIME=56ms
[2026-08-03T15:53:21.615Z] IP=::1 USER=anonymous ACTION=GET URL=/api/daily-challenge STATUS=304 TIME=55ms
[2026-08-03T15:53:21.627Z] IP=::1 USER=anonymous ACTION=GET URL=/api/leaderboard STATUS=304 TIME=127ms
[2026-08-03T15:53:21.757Z] IP=::1 USER=anonymous ACTION=GET URL=/api/leaderboard STATUS=304 TIME=128ms
[2026-08-03T15:53:22.683Z] IP=::1 USER=anonymous ACTION=GET URL=/api/questions?category=algo-arena&limit=100&excludeIds=6a60ca757fbe25d87937d173,6a60ca757fbe25d87937d13a,6a60ca757fbe25d87937d13b,6a60ca757fbe25d87937d174,6a60ca757fbe25d87937d13d STATUS=200 TIME=92ms
[2026-08-03T15:53:22.735Z] IP=::1 USER=anonymous ACTION=GET URL=/api/questions?category=algo-arena&limit=100&excludeIds=6a60ca757fbe25d87937d173,6a60ca757fbe25d87937d13a,6a60ca757fbe25d87937d13b,6a60ca757fbe25d87937d174,6a60ca757fbe25d87937d13d STATUS=200 TIME=51ms
[2026-08-03T15:53:24.936Z] IP=::1 USER=anonymous ACTION=GET URL=/api/daily-challenge STATUS=304 TIME=59ms
[2026-08-03T15:53:24.989Z] IP=::1 USER=anonymous ACTION=GET URL=/api/daily-challenge STATUS=304 TIME=51ms
[2026-08-03T15:53:25.056Z] IP=::1 USER=anonymous ACTION=GET URL=/api/leaderboard STATUS=304 TIME=180ms
[2026-08-03T15:53:25.196Z] IP=::1 USER=anonymous ACTION=GET URL=/api/leaderboard STATUS=304 TIME=138ms
[2026-08-03T15:53:38.485Z] IP=::1 USER=anonymous ACTION=OPTIONS URL=/api/daily-challenge STATUS=204 TIME=0ms
[2026-08-03T15:53:38.547Z] IP=::1 USER=anonymous ACTION=GET URL=/api/daily-challenge STATUS=304 TIME=59ms
[2026-08-03T15:53:38.599Z] IP=::1 USER=anonymous ACTION=GET URL=/api/daily-challenge STATUS=304 TIME=49ms
[2026-08-03T15:53:38.626Z] IP=::1 USER=anonymous ACTION=GET URL=/api/leaderboard STATUS=304 TIME=139ms
[2026-08-03T15:53:38.736Z] IP=::1 USER=anonymous ACTION=GET URL=/api/leaderboard STATUS=304 TIME=108ms
[2026-09-24T12:36:30.161Z] IP=::1 USER=anonymous ACTION=OPTIONS URL=/api/auth/me STATUS=204 TIME=12ms
[2026-09-24T12:36:30.182Z] IP=::1 USER=anonymous ACTION=GET URL=/api/auth/me STATUS=401 TIME=20ms
[2026-09-24T12:36:30.185Z] IP=::1 USER=anonymous ACTION=OPTIONS URL=/api/auth/me STATUS=204 TIME=1ms
[2026-09-24T12:36:30.192Z] IP=::1 USER=anonymous ACTION=GET URL=/api/auth/me STATUS=401 TIME=5ms
[2026-09-24T12:37:00.471Z] IP=::1 USER=anonymous ACTION=OPTIONS URL=/api/auth/login STATUS=204 TIME=1ms
[2026-09-24T12:37:01.034Z] IP=::1 USER=anonymous ACTION=POST URL=/api/auth/login STATUS=200 TIME=562ms
[2026-09-24T12:37:01.038Z] IP=::1 USER=anonymous ACTION=OPTIONS URL=/api/auth/progress STATUS=204 TIME=0ms
[2026-09-24T12:37:01.096Z] IP=::1 USER=anonymous ACTION=OPTIONS URL=/api/daily-challenge STATUS=204 TIME=1ms
[2026-09-24T12:37:01.113Z] IP=::1 USER=6a4bac99ba03585ab98d15e7 ACTION=PUT URL=/api/auth/progress STATUS=200 TIME=73ms
[2026-09-24T12:37:01.119Z] IP=::1 USER=anonymous ACTION=GET URL=/api/daily-challenge STATUS=200 TIME=18ms
[2026-09-24T12:37:01.144Z] IP=::1 USER=anonymous ACTION=GET URL=/api/daily-challenge STATUS=304 TIME=21ms
[2026-09-24T12:37:01.160Z] IP=::1 USER=anonymous ACTION=GET URL=/api/leaderboard STATUS=200 TIME=63ms
[2026-09-24T12:37:01.211Z] IP=::1 USER=anonymous ACTION=GET URL=/api/leaderboard STATUS=304 TIME=49ms
[2026-09-24T12:37:02.677Z] IP=::1 USER=anonymous ACTION=OPTIONS URL=/api/auth/claim-daily-reward STATUS=204 TIME=1ms
[2026-09-24T12:37:02.757Z] IP=::1 USER=6a4bac99ba03585ab98d15e7 ACTION=POST URL=/api/auth/claim-daily-reward STATUS=200 TIME=78ms
[2026-09-24T12:37:02.818Z] IP=::1 USER=6a4bac99ba03585ab98d15e7 ACTION=PUT URL=/api/auth/progress STATUS=200 TIME=57ms
[2026-09-24T12:37:04.242Z] IP=::1 USER=anonymous ACTION=GET URL=/api/leaderboard STATUS=200 TIME=112ms
[2026-09-24T12:37:07.174Z] IP=::1 USER=anonymous ACTION=GET URL=/api/leaderboard STATUS=304 TIME=52ms
[2026-09-24T12:37:10.180Z] IP=::1 USER=anonymous ACTION=GET URL=/api/leaderboard STATUS=304 TIME=52ms
[2026-09-24T12:37:13.182Z] IP=::1 USER=anonymous ACTION=GET URL=/api/leaderboard STATUS=304 TIME=56ms
[2026-09-24T12:37:16.177Z] IP=::1 USER=anonymous ACTION=GET URL=/api/leaderboard STATUS=304 TIME=53ms
[2026-09-24T12:37:19.260Z] IP=::1 USER=anonymous ACTION=GET URL=/api/leaderboard STATUS=304 TIME=122ms
[2026-09-24T12:37:22.190Z] IP=::1 USER=anonymous ACTION=GET URL=/api/leaderboard STATUS=304 TIME=54ms
[2026-09-24T12:37:22.674Z] IP=::1 USER=anonymous ACTION=GET URL=/api/questions?category=algo-arena&limit=100&excludeIds=6a60ca757fbe25d87937d173,6a60ca757fbe25d87937d13a,6a60ca757fbe25d87937d13b,6a60ca757fbe25d87937d174,6a60ca757fbe25d87937d13d STATUS=200 TIME=56ms
[2026-09-24T12:37:22.743Z] IP=::1 USER=anonymous ACTION=GET URL=/api/questions?category=algo-arena&limit=100&excludeIds=6a60ca757fbe25d87937d173,6a60ca757fbe25d87937d13a,6a60ca757fbe25d87937d13b,6a60ca757fbe25d87937d174,6a60ca757fbe25d87937d13d STATUS=200 TIME=65ms
[2026-09-24T12:37:26.517Z] IP=::1 USER=anonymous ACTION=OPTIONS URL=/api/daily-challenge STATUS=204 TIME=0ms
[2026-09-24T12:37:26.518Z] IP=::1 USER=anonymous ACTION=OPTIONS URL=/api/daily-challenge STATUS=204 TIME=0ms
[2026-09-24T12:37:26.551Z] IP=::1 USER=anonymous ACTION=GET URL=/api/daily-challenge STATUS=200 TIME=27ms
[2026-09-24T12:37:26.575Z] IP=::1 USER=anonymous ACTION=GET URL=/api/daily-challenge STATUS=304 TIME=20ms
[2026-09-24T12:37:26.583Z] IP=::1 USER=anonymous ACTION=GET URL=/api/leaderboard STATUS=304 TIME=61ms
[2026-09-24T12:37:26.658Z] IP=::1 USER=anonymous ACTION=GET URL=/api/leaderboard STATUS=304 TIME=72ms
[2026-09-24T12:37:28.571Z] IP=::1 USER=anonymous ACTION=GET URL=/api/questions?category=code-inspector&excludeIds= STATUS=200 TIME=17ms
[2026-09-24T12:37:28.605Z] IP=::1 USER=anonymous ACTION=GET URL=/api/questions?category=code-inspector&excludeIds= STATUS=200 TIME=20ms
[2026-09-24T12:37:33.058Z] IP=::1 USER=anonymous ACTION=GET URL=/api/clans/standings STATUS=200 TIME=17ms
[2026-09-24T12:37:33.078Z] IP=::1 USER=anonymous ACTION=GET URL=/api/clans/standings STATUS=304 TIME=17ms
[2026-09-24T12:37:33.099Z] IP=::1 USER=anonymous ACTION=GET URL=/api/leaderboard STATUS=304 TIME=55ms
[2026-09-24T12:37:33.152Z] IP=::1 USER=anonymous ACTION=GET URL=/api/leaderboard STATUS=304 TIME=50ms
[2026-09-24T12:37:36.069Z] IP=::1 USER=anonymous ACTION=GET URL=/api/clans/standings STATUS=304 TIME=19ms
[2026-09-24T12:37:36.104Z] IP=::1 USER=anonymous ACTION=GET URL=/api/leaderboard STATUS=304 TIME=52ms
[2026-09-24T12:37:39.065Z] IP=::1 USER=anonymous ACTION=GET URL=/api/clans/standings STATUS=304 TIME=16ms
[2026-09-24T12:37:39.107Z] IP=::1 USER=anonymous ACTION=GET URL=/api/leaderboard STATUS=304 TIME=56ms
[2026-09-24T12:37:42.063Z] IP=::1 USER=anonymous ACTION=GET URL=/api/clans/standings STATUS=304 TIME=20ms
[2026-09-24T12:37:42.097Z] IP=::1 USER=anonymous ACTION=GET URL=/api/leaderboard STATUS=304 TIME=50ms
